/Users/m5/Documents/mi/horizon/scripts/build-h1-study.py:17: DeprecationWarning: 'Material.use_nodes' is expected to be removed in Blender 6.0
  m=bpy.data.materials.new(name); m.diffuse_color=(*color,1); m.use_nodes=True
00:10.326  render           | Saved: '/Users/m5/Documents/mi/horizon/artifacts/blender/h1-study.png'
00:12.117  render           | Saved: '/Users/m5/Documents/mi/horizon/artifacts/blender/frames/0000.png'
00:13.831  render           | Saved: '/Users/m5/Documents/mi/horizon/artifacts/blender/frames/0001.png'
00:15.669  render           | Saved: '/Users/m5/Documents/mi/horizon/artifacts/blender/frames/0002.png'
00:17.467  render           | Saved: '/Users/m5/Documents/mi/horizon/artifacts/blender/frames/0003.png'
00:19.106  render           | Saved: '/Users/m5/Documents/mi/horizon/artifacts/blender/frames/0004.png'
00:20.756  render           | Saved: '/Users/m5/Documents/mi/horizon/artifacts/blender/frames/0005.png'
00:22.477  render           | Saved: '/Users/m5/Documents/mi/horizon/artifacts/blender/frames/0006.png'
00:24.332  render           | Saved: '/Users/m5/Documents/mi/horizon/artifacts/blender/frames/0007.png'
00:26.220  render           | Saved: '/Users/m5/Documents/mi/horizon/artifacts/blender/frames/0008.png'
00:27.955  render           | Saved: '/Users/m5/Documents/mi/horizon/artifacts/blender/frames/0009.png'
00:29.704  render           | Saved: '/Users/m5/Documents/mi/horizon/artifacts/blender/frames/0010.png'
00:31.469  render           | Saved: '/Users/m5/Documents/mi/horizon/artifacts/blender/frames/0011.png'
00:33.223  render           | Saved: '/Users/m5/Documents/mi/horizon/artifacts/blender/frames/0012.png'
00:34.981  render           | Saved: '/Users/m5/Documents/mi/horizon/artifacts/blender/frames/0013.png'
00:36.769  render           | Saved: '/Users/m5/Documents/mi/horizon/artifacts/blender/frames/0014.png'
00:38.619  render           | Saved: '/Users/m5/Documents/mi/horizon/artifacts/blender/frames/0015.png'
00:40.517  render           | Saved: '/Users/m5/Documents/mi/horizon/artifacts/blender/frames/0016.png'
00:42.895  render           | Saved: '/Users/m5/Documents/mi/horizon/artifacts/blender/frames/0017.png'
00:44.844  render           | Saved: '/Users/m5/Documents/mi/horizon/artifacts/blender/frames/0018.png'
00:46.721  render           | Saved: '/Users/m5/Documents/mi/horizon/artifacts/blender/frames/0019.png'
00:48.574  render           | Saved: '/Users/m5/Documents/mi/horizon/artifacts/blender/frames/0020.png'
00:50.382  render           | Saved: '/Users/m5/Documents/mi/horizon/artifacts/blender/frames/0021.png'
00:52.176  render           | Saved: '/Users/m5/Documents/mi/horizon/artifacts/blender/frames/0022.png'
00:54.026  render           | Saved: '/Users/m5/Documents/mi/horizon/artifacts/blender/frames/0023.png'
00:55.849  render           | Saved: '/Users/m5/Documents/mi/horizon/artifacts/blender/frames/0024.png'
00:57.664  render           | Saved: '/Users/m5/Documents/mi/horizon/artifacts/blender/frames/0025.png'
00:59.504  render           | Saved: '/Users/m5/Documents/mi/horizon/artifacts/blender/frames/0026.png'
01:01.405  render           | Saved: '/Users/m5/Documents/mi/horizon/artifacts/blender/frames/0027.png'
01:03.208  render           | Saved: '/Users/m5/Documents/mi/horizon/artifacts/blender/frames/0028.png'
01:05.089  render           | Saved: '/Users/m5/Documents/mi/horizon/artifacts/blender/frames/0029.png'
01:07.031  render           | Saved: '/Users/m5/Documents/mi/horizon/artifacts/blender/frames/0030.png'
01:09.101  render           | Saved: '/Users/m5/Documents/mi/horizon/artifacts/blender/frames/0031.png'
01:11.059  render           | Saved: '/Users/m5/Documents/mi/horizon/artifacts/blender/frames/0032.png'
01:13.137  render           | Saved: '/Users/m5/Documents/mi/horizon/artifacts/blender/frames/0033.png'
01:15.042  render           | Saved: '/Users/m5/Documents/mi/horizon/artifacts/blender/frames/0034.png'
01:17.097  render           | Saved: '/Users/m5/Documents/mi/horizon/artifacts/blender/frames/0035.png'
01:18.963  render           | Saved: '/Users/m5/Documents/mi/horizon/artifacts/blender/frames/0036.png'
01:20.830  render           | Saved: '/Users/m5/Documents/mi/horizon/artifacts/blender/frames/0037.png'
01:22.663  render           | Saved: '/Users/m5/Documents/mi/horizon/artifacts/blender/frames/0038.png'
01:24.910  render           | Saved: '/Users/m5/Documents/mi/horizon/artifacts/blender/frames/0039.png'
01:26.740  render           | Saved: '/Users/m5/Documents/mi/horizon/artifacts/blender/frames/0040.png'
01:28.627  render           | Saved: '/Users/m5/Documents/mi/horizon/artifacts/blender/frames/0041.png'
01:30.592  render           | Saved: '/Users/m5/Documents/mi/horizon/artifacts/blender/frames/0042.png'
01:32.721  render           | Saved: '/Users/m5/Documents/mi/horizon/artifacts/blender/frames/0043.png'
01:34.652  render           | Saved: '/Users/m5/Documents/mi/horizon/artifacts/blender/frames/0044.png'
01:36.500  render           | Saved: '/Users/m5/Documents/mi/horizon/artifacts/blender/frames/0045.png'
01:38.350  render           | Saved: '/Users/m5/Documents/mi/horizon/artifacts/blender/frames/0046.png'
01:40.180  render           | Saved: '/Users/m5/Documents/mi/horizon/artifacts/blender/frames/0047.png'
01:41.995  render           | Saved: '/Users/m5/Documents/mi/horizon/artifacts/blender/frames/0048.png'
01:43.797  render           | Saved: '/Users/m5/Documents/mi/horizon/artifacts/blender/frames/0049.png'
01:45.603  render           | Saved: '/Users/m5/Documents/mi/horizon/artifacts/blender/frames/0050.png'
01:47.397  render           | Saved: '/Users/m5/Documents/mi/horizon/artifacts/blender/frames/0051.png'
01:49.197  render           | Saved: '/Users/m5/Documents/mi/horizon/artifacts/blender/frames/0052.png'
01:51.037  render           | Saved: '/Users/m5/Documents/mi/horizon/artifacts/blender/frames/0053.png'
01:52.894  render           | Saved: '/Users/m5/Documents/mi/horizon/artifacts/blender/frames/0054.png'
01:55.040  render           | Saved: '/Users/m5/Documents/mi/horizon/artifacts/blender/frames/0055.png'
01:56.880  render           | Saved: '/Users/m5/Documents/mi/horizon/artifacts/blender/frames/0056.png'
01:58.703  render           | Saved: '/Users/m5/Documents/mi/horizon/artifacts/blender/frames/0057.png'
02:00.651  render           | Saved: '/Users/m5/Documents/mi/horizon/artifacts/blender/frames/0058.png'
02:02.515  render           | Saved: '/Users/m5/Documents/mi/horizon/artifacts/blender/frames/0059.png'
02:04.338  render           | Saved: '/Users/m5/Documents/mi/horizon/artifacts/blender/frames/0060.png'
02:06.156  render           | Saved: '/Users/m5/Documents/mi/horizon/artifacts/blender/frames/0061.png'
02:08.025  render           | Saved: '/Users/m5/Documents/mi/horizon/artifacts/blender/frames/0062.png'
02:10.076  render           | Saved: '/Users/m5/Documents/mi/horizon/artifacts/blender/frames/0063.png'
02:12.053  render           | Saved: '/Users/m5/Documents/mi/horizon/artifacts/blender/frames/0064.png'
02:13.912  render           | Saved: '/Users/m5/Documents/mi/horizon/artifacts/blender/frames/0065.png'
02:15.830  render           | Saved: '/Users/m5/Documents/mi/horizon/artifacts/blender/frames/0066.png'
02:17.757  render           | Saved: '/Users/m5/Documents/mi/horizon/artifacts/blender/frames/0067.png'
02:19.598  render           | Saved: '/Users/m5/Documents/mi/horizon/artifacts/blender/frames/0068.png'
02:21.434  render           | Saved: '/Users/m5/Documents/mi/horizon/artifacts/blender/frames/0069.png'
02:23.382  render           | Saved: '/Users/m5/Documents/mi/horizon/artifacts/blender/frames/0070.png'
02:25.364  render           | Saved: '/Users/m5/Documents/mi/horizon/artifacts/blender/frames/0071.png'
02:27.299  render           | Saved: '/Users/m5/Documents/mi/horizon/artifacts/blender/frames/0072.png'
02:29.229  render           | Saved: '/Users/m5/Documents/mi/horizon/artifacts/blender/frames/0073.png'
02:31.136  render           | Saved: '/Users/m5/Documents/mi/horizon/artifacts/blender/frames/0074.png'
02:33.044  render           | Saved: '/Users/m5/Documents/mi/horizon/artifacts/blender/frames/0075.png'
02:34.938  render           | Saved: '/Users/m5/Documents/mi/horizon/artifacts/blender/frames/0076.png'
02:36.831  render           | Saved: '/Users/m5/Documents/mi/horizon/artifacts/blender/frames/0077.png'
02:38.812  render           | Saved: '/Users/m5/Documents/mi/horizon/artifacts/blender/frames/0078.png'
02:40.738  render           | Saved: '/Users/m5/Documents/mi/horizon/artifacts/blender/frames/0079.png'
02:42.643  render           | Saved: '/Users/m5/Documents/mi/horizon/artifacts/blender/frames/0080.png'
02:44.504  render           | Saved: '/Users/m5/Documents/mi/horizon/artifacts/blender/frames/0081.png'
02:46.318  render           | Saved: '/Users/m5/Documents/mi/horizon/artifacts/blender/frames/0082.png'
02:48.116  render           | Saved: '/Users/m5/Documents/mi/horizon/artifacts/blender/frames/0083.png'
02:49.937  render           | Saved: '/Users/m5/Documents/mi/horizon/artifacts/blender/frames/0084.png'
02:51.746  render           | Saved: '/Users/m5/Documents/mi/horizon/artifacts/blender/frames/0085.png'
02:53.935  render           | Saved: '/Users/m5/Documents/mi/horizon/artifacts/blender/frames/0086.png'
02:55.996  render           | Saved: '/Users/m5/Documents/mi/horizon/artifacts/blender/frames/0087.png'
02:58.157  render           | Saved: '/Users/m5/Documents/mi/horizon/artifacts/blender/frames/0088.png'
03:00.022  render           | Saved: '/Users/m5/Documents/mi/horizon/artifacts/blender/frames/0089.png'
03:01.863  render           | Saved: '/Users/m5/Documents/mi/horizon/artifacts/blender/frames/0090.png'
03:03.675  render           | Saved: '/Users/m5/Documents/mi/horizon/artifacts/blender/frames/0091.png'
03:05.461  render           | Saved: '/Users/m5/Documents/mi/horizon/artifacts/blender/frames/0092.png'
03:07.238  render           | Saved: '/Users/m5/Documents/mi/horizon/artifacts/blender/frames/0093.png'
03:09.011  render           | Saved: '/Users/m5/Documents/mi/horizon/artifacts/blender/frames/0094.png'
03:10.805  render           | Saved: '/Users/m5/Documents/mi/horizon/artifacts/blender/frames/0095.png'
03:12.950  render           | Saved: '/Users/m5/Documents/mi/horizon/artifacts/blender/frames/0096.png'
03:14.825  render           | Saved: '/Users/m5/Documents/mi/horizon/artifacts/blender/frames/0097.png'
03:16.614  render           | Saved: '/Users/m5/Documents/mi/horizon/artifacts/blender/frames/0098.png'
03:18.420  render           | Saved: '/Users/m5/Documents/mi/horizon/artifacts/blender/frames/0099.png'
03:20.193  render           | Saved: '/Users/m5/Documents/mi/horizon/artifacts/blender/frames/0100.png'
03:21.947  render           | Saved: '/Users/m5/Documents/mi/horizon/artifacts/blender/frames/0101.png'
03:23.703  render           | Saved: '/Users/m5/Documents/mi/horizon/artifacts/blender/frames/0102.png'
03:25.463  render           | Saved: '/Users/m5/Documents/mi/horizon/artifacts/blender/frames/0103.png'
03:27.301  render           | Saved: '/Users/m5/Documents/mi/horizon/artifacts/blender/frames/0104.png'
03:29.121  render           | Saved: '/Users/m5/Documents/mi/horizon/artifacts/blender/frames/0105.png'
03:30.890  render           | Saved: '/Users/m5/Documents/mi/horizon/artifacts/blender/frames/0106.png'
03:32.701  render           | Saved: '/Users/m5/Documents/mi/horizon/artifacts/blender/frames/0107.png'
03:34.507  render           | Saved: '/Users/m5/Documents/mi/horizon/artifacts/blender/frames/0108.png'
03:36.264  render           | Saved: '/Users/m5/Documents/mi/horizon/artifacts/blender/frames/0109.png'
03:38.078  render           | Saved: '/Users/m5/Documents/mi/horizon/artifacts/blender/frames/0110.png'
03:39.878  render           | Saved: '/Users/m5/Documents/mi/horizon/artifacts/blender/frames/0111.png'
03:41.633  render           | Saved: '/Users/m5/Documents/mi/horizon/artifacts/blender/frames/0112.png'
03:43.390  render           | Saved: '/Users/m5/Documents/mi/horizon/artifacts/blender/frames/0113.png'
03:45.150  render           | Saved: '/Users/m5/Documents/mi/horizon/artifacts/blender/frames/0114.png'
03:46.908  render           | Saved: '/Users/m5/Documents/mi/horizon/artifacts/blender/frames/0115.png'
03:48.668  render           | Saved: '/Users/m5/Documents/mi/horizon/artifacts/blender/frames/0116.png'
03:50.454  render           | Saved: '/Users/m5/Documents/mi/horizon/artifacts/blender/frames/0117.png'
03:52.366  render           | Saved: '/Users/m5/Documents/mi/horizon/artifacts/blender/frames/0118.png'
03:54.373  render           | Saved: '/Users/m5/Documents/mi/horizon/artifacts/blender/frames/0119.png'
Info: Saved as "horizon-h1-study.blend"
Blender 5.2.1 LTS (hash 9e2066aef7ef built 2026-08-25 01:35:57)

Blender quit
